// Jest Snapshot v1, https://goo.gl/fbAQLP

exports[`UICheckbox should correctly display 1`] = `
<div
  data-v-app=""
>
  
  <div
    class="flex items-center"
  >
    <input
      class="hidden"
      id="name"
      name="name"
      type="checkbox"
    />
    <span
      class="ui-checkbox rounded flex justify-center items-center flex-shrink-0
                 transition-all text-white border-2 cursor-pointer"
    >
      <span
        class="transition-all opacity-0 scale-0 text-white"
      >
        <svg
          style="width:24px;height:24px;"
          viewBox="0 0 24 24"
        >
          <path
            d="M21,7L9,19L3.5,13.5L4.91,12.09L9,16.17L19.59,5.59L21,7Z"
            fill="currentColor"
          />
        </svg>
      </span>
    </span>
    <!--v-if-->
  </div>
  <transition-stub>
    
    
  </transition-stub>
  
</div>
`;
