// Jest Snapshot v1, https://goo.gl/fbAQLP

exports[`UIDropdown should correctly display 1`] = `
<transition-stub>
  
  <div
    class="dropdown absolute z-50 rounded overflow-auto flex flex-col items-stretch shadow-lg bg-white dark:bg-gray-600 h-max ring-1 ring-opacity-5 ring-black dark:ring-white dark:ring-opacity-5"
    role="group"
    style="max-height: 35vh; width: 250px; left: 0px; top: 0px;"
  >
    
    <div
      id="content"
    />
    
  </div>
  
</transition-stub>
`;
