// Jest Snapshot v1, https://goo.gl/fbAQLP

exports[`UIPanel should render correctly 1`] = `
<section
  aria-expanded="true"
  class="ui-panel rounded shadow-md relative transition-all bg-white dark:bg-gray-600 text-color"
>
  <transition-stub>
    
    
  </transition-stub>
  <header
    class="w-full flex items-center px-12 relative transition-all filter blur-none"
  >
    <h1
      class="select-none flex-grow py-8 cursor-pointer"
    >
      
      header text
      
    </h1>
    <div>
      
      
    </div>
  </header>
  <transition-stub>
    
    <div
      class="blur-none"
    >
      <main
        class="w-full px-12 py-6"
      >
        
        default slot text
        
      </main>
      <!--v-if-->
    </div>
    
  </transition-stub>
  <transition-stub>
    
    
  </transition-stub>
</section>
`;
