// Jest Snapshot v1, https://goo.gl/fbAQLP

exports[`UIButtonToggle should correctly display 1`] = `
<div
  class="button-group"
  role="group"
>
  
  
  <button
    aria-checked="false"
    class="text-gray-600 dark:text-gray-400 border-gray-400 disabled:bg-gray-300 ring-gray-600 dark:hover:bg-gray-800 dark:hover:text-gray-200 dark:hover:border-gray-800 hover:bg-white shadow-sm border focus:ring-offset-2 px-3.5 py-2 focus:ring-2 ui-button rounded font-bold text-sm m-0 focus:outline-none ring-0 disabled:cursor-not-allowed disabled:shadow-none border"
    role="switch"
    type="button"
  >
    
    
    Places
    
    
  </button>
  <button
    aria-checked="false"
    class="text-gray-600 dark:text-gray-400 border-gray-400 disabled:bg-gray-300 ring-gray-600 dark:hover:bg-gray-800 dark:hover:text-gray-200 dark:hover:border-gray-800 hover:bg-white shadow-sm border focus:ring-offset-2 px-3.5 py-2 focus:ring-2 ui-button rounded font-bold text-sm m-0 focus:outline-none ring-0 disabled:cursor-not-allowed disabled:shadow-none border border-l-0"
    role="switch"
    type="button"
  >
    
    
    List
    
    
  </button>
  <button
    aria-checked="false"
    class="text-gray-600 dark:text-gray-400 border-gray-400 disabled:bg-gray-300 ring-gray-600 dark:hover:bg-gray-800 dark:hover:text-gray-200 dark:hover:border-gray-800 hover:bg-white shadow-sm border focus:ring-offset-2 px-3.5 py-2 focus:ring-2 ui-button rounded font-bold text-sm m-0 focus:outline-none ring-0 disabled:cursor-not-allowed disabled:shadow-none border border-l-0"
    role="switch"
    type="button"
  >
    
    
    Map
    
    
  </button>
  
  
</div>
`;
