// Jest Snapshot v1, https://goo.gl/fbAQLP

exports[`UISelect display should display correctly 1`] = `
<div
  class="ui-list overflow-y-auto absolute w-full border border-gray-300 text-color bg-white dark:bg-gray-600 dark:border-gray-500 shadow-md rounded"
  role="listbox"
  style="width: 0px; left: 0px; z-index: 9999; top: 5px;"
>
  <!--Header to display instructions-->
  <div
    class="flex items-center justify-between px-2 py-1 text-sm border-b border-gray-300 dark:border-gray-500 select-none"
  >
    
    Select an option
    
    <!--v-if-->
  </div>
  <!--Search input to filter the list-->
  <div
    class="p-2 border-b border-gray-300 dark:border-gray-500"
  >
    <input
      autocomplete="off"
      class="appearance-none bg-transparent w-full leading-tight focus:outline-none transition-text-color caret-blue-500"
      name="search"
      tabindex="-1"
    />
  </div>
  <!--Options available for selection-->
  <ul
    class="divide-gray-300 dark:divide-gray-500 divide-y"
    role="list"
  >
    
    <li
      aria-selected="false"
      class="option cursor-pointer hover:bg-gray-100 dark:hover:bg-gray-450 relative transition-colors justify-center focus:bg-brand-200 dark:focus:bg-brand-500 outline-none"
      role="option"
      tabindex="0"
    >
      <div
        class="flex justify-between"
      >
        <div
          class="p-2"
        >
          
          Bruce Banner
          
        </div>
        <!--v-if-->
      </div>
    </li>
    <li
      aria-selected="false"
      class="option cursor-pointer hover:bg-gray-100 dark:hover:bg-gray-450 relative transition-colors justify-center focus:bg-brand-200 dark:focus:bg-brand-500 outline-none"
      role="option"
      tabindex="0"
    >
      <div
        class="flex justify-between"
      >
        <div
          class="p-2"
        >
          
          Bruce Wayne
          
        </div>
        <!--v-if-->
      </div>
    </li>
    <li
      aria-selected="false"
      class="option cursor-pointer hover:bg-gray-100 dark:hover:bg-gray-450 relative transition-colors justify-center focus:bg-brand-200 dark:focus:bg-brand-500 outline-none"
      role="option"
      tabindex="0"
    >
      <div
        class="flex justify-between"
      >
        <div
          class="p-2"
        >
          
          Bruce Lee
          
        </div>
        <!--v-if-->
      </div>
    </li>
    <li
      aria-selected="false"
      class="option cursor-pointer hover:bg-gray-100 dark:hover:bg-gray-450 relative transition-colors justify-center focus:bg-brand-200 dark:focus:bg-brand-500 outline-none"
      role="option"
      tabindex="0"
    >
      <div
        class="flex justify-between"
      >
        <div
          class="p-2"
        >
          
          Brucie Bonus
          
        </div>
        <!--v-if-->
      </div>
    </li>
    
  </ul>
</div>
`;
