// Jest Snapshot v1, https://goo.gl/fbAQLP

exports[`UIRadioGroup should display correctly 1`] = `
<div
  class="ui-radio-group"
>
  <transition-stub>
    
    <span
      class="font-medium text-color inline-flex items-center mb-1.5"
    >
      
      my-label
      
    </span>
    
  </transition-stub>
  <div
    class="slot flex w-full flex-col space-y-4"
    role="radiogroup"
  >
    
    <div
      class="flex ui-radio"
    >
      <label
        class="relative flex items-center outline-none text-color"
        tabindex="0"
      >
        <input
          class="hidden"
          name="name"
          tabindex="-1"
          type="radio"
          value="foo"
        />
        <span
          class="ui-radio-btn text-brand-500 relative float-left mr-2 h-5 w-5 border-2 rounded-full outline-none transition-colors"
          role="radio"
        />
        
        
        
      </label>
    </div>
    <div
      class="flex ui-radio"
    >
      <label
        class="relative flex items-center outline-none text-color"
        tabindex="0"
      >
        <input
          class="hidden"
          name="name"
          tabindex="-1"
          type="radio"
          value="bar"
        />
        <span
          class="ui-radio-btn text-brand-500 relative float-left mr-2 h-5 w-5 border-2 rounded-full outline-none transition-colors"
          role="radio"
        />
        
        
        
      </label>
    </div>
    
  </div>
  <transition-stub>
    
    
  </transition-stub>
</div>
`;
