// Jest Snapshot v1, https://goo.gl/fbAQLP

exports[`UIAvatar should correctly display 1`] = `
<div
  class="ui-avatar text-lg overflow-hidden h-8 w-8
                text-white bg-brand-400 flex flex-col justify-center items-center rounded-full"
>
  
  <span>
    <svg
      aria-label="person icon"
      fill="currentColor"
      height="18px"
      viewBox="0 0 24 24"
      width="18px"
      xmlns="http://www.w3.org/2000/svg"
    >
      <path
        d="M0 0h24v24H0V0z"
        fill="none"
      />
      <path
        d="M12 12c2.21 0 4-1.79 4-4s-1.79-4-4-4-4 1.79-4 4 1.79 4 4 4zm0 2c-2.67 0-8 1.34-8 4v1c0 .55.45 1 1 1h14c.55 0 1-.45 1-1v-1c0-2.66-5.33-4-8-4z"
      />
    </svg>
  </span>
  
</div>
`;
