// Jest Snapshot v1, https://goo.gl/fbAQLP

exports[`UIToggle should display correctly 1`] = `
<div
  class=""
>
  <label
    class="cursor-pointer text-color font-medium"
    for="name"
  >
    
    
    
  </label>
  <div
    class="toggle-wrapper relative rounded-full
                    flex ring-0 ring-red-700 transition"
  >
    <input
      class="w-full h-full cursor-pointer opacity-0 m-0 p-0"
      id="name"
      name="name"
      type="checkbox"
    />
    <div
      class="handle"
    />
    <div
      class="background rounded-full w-full h-full absolute top-0 left-0 z-0"
    />
  </div>
  <transition-stub>
    
    
  </transition-stub>
</div>
`;
